main.c:87:6:delay_us	16	static
main.c:91:6:HAL_TIM_IC_CaptureCallback	24	static
main.c:165:6:HCSR04_trigger	8	static
main.c:172:6:move_stepper	24	static
main.c:187:6:move_stepper_dec_mm	16	static
main.c:205:5:main	16	static
main.c:282:6:SystemClock_Config	152	static
main.c:333:6:HAL_UART_RxCpltCallback	64	static
main.c:370:6:HAL_TIM_PeriodElapsedCallback	16	static
main.c:376:6:HAL_GPIO_EXTI_Callback	16	static
main.c:392:6:Error_Handler	4	static,ignoring_inline_asm
main.c:411:6:assert_failed	16	static
